\BOOKMARK [1][-]{section.1}{\376\377\000E\000x\000p\000e\000r\000i\000m\000e\000n\000t\000a\000l\000\040\000d\000a\000t\000a\000\040\000a\000n\000d\000\040\000p\000r\000o\000t\000o\000c\000o\000l}{}% 1
\BOOKMARK [1][-]{section.2}{\376\377\000S\000i\000g\000n\000a\000l\000\040\000p\000r\000o\000c\000e\000s\000s\000i\000n\000g}{}% 2
\BOOKMARK [1][-]{section.3}{\376\377\000C\000y\000c\000l\000e\000-\000a\000l\000i\000g\000n\000e\000d\000\040\000r\000e\000s\000p\000o\000n\000s\000e}{}% 3
\BOOKMARK [1][-]{section.4}{\376\377\000C\000y\000c\000l\000e\000-\000t\000o\000-\000c\000y\000c\000l\000e\000\040\000r\000e\000s\000p\000o\000n\000s\000e}{}% 4
\BOOKMARK [1][-]{section.5}{\376\377\000C\000y\000c\000l\000e\000-\000b\000y\000-\000c\000y\000c\000l\000e\000\040\000r\000e\000s\000p\000o\000n\000s\000e\000\040\000m\000a\000p\000s}{}% 5
\BOOKMARK [1][-]{section.6}{\376\377\000K\000i\000n\000e\000t\000i\000c\000\040\000s\000u\000m\000m\000a\000r\000y}{}% 6
\BOOKMARK [1][-]{section.7}{\376\377\000C\000o\000m\000p\000a\000r\000i\000s\000o\000n\000\040\000w\000i\000t\000h\000\040\000M\000i\000s\000h\000r\000a\000\040\000e\000t\000\040\000a\000l\000.\000\040\000\050\000S\000c\000i\000e\000n\000c\000e\000\040\000R\000o\000b\000o\000t\000i\000c\000s\000,\000\040\0002\0000\0002\0004\000\051}{}% 7
\BOOKMARK [2][-]{subsection.7.1}{\376\377\0001\000.\000\040\000W\000h\000a\000t\000\040\000t\000h\000e\000y\000\040\000a\000c\000t\000u\000a\000l\000l\000y\000\040\000d\000e\000m\000o\000n\000s\000t\000r\000a\000t\000e}{section.7}% 8
\BOOKMARK [2][-]{subsection.7.2}{\376\377\0002\000.\000\040\000W\000h\000a\000t\000\040\000w\000e\000\040\000a\000r\000e\000\040\000d\000o\000i\000n\000g\000\040\000i\000s\000\040\000d\000i\000f\000f\000e\000r\000e\000n\000t}{section.7}% 9
\BOOKMARK [2][-]{subsection.7.3}{\376\377\0003\000.\000\040\000T\000h\000e\000\040\000m\000o\000s\000t\000\040\000i\000n\000t\000e\000r\000e\000s\000t\000i\000n\000g\000\040\000c\000o\000n\000n\000e\000c\000t\000i\000o\000n\000:\000\040\000t\000h\000e\000i\000r\000\040\000U\000V\000\040\000r\000e\000s\000p\000o\000n\000s\000e}{section.7}% 10
\BOOKMARK [2][-]{subsection.7.4}{\376\377\0004\000.\000\040\000T\000h\000e\000r\000e\000\040\000i\000s\000\040\000a\000n\000\040\000i\000m\000p\000o\000r\000t\000a\000n\000t\000\040\000d\000i\000f\000f\000e\000r\000e\000n\000c\000e\000\040\000i\000n\000\040\000t\000i\000m\000e\000s\000c\000a\000l\000e}{section.7}% 11
\BOOKMARK [2][-]{subsection.7.5}{\376\377\0005\000.\000\040\000T\000h\000e\000\040\000r\000e\000a\000l\000l\000y\000\040\000i\000n\000t\000e\000r\000e\000s\000t\000i\000n\000g\000\040\000r\000e\000s\000u\000l\000t\000\040\000m\000a\000y\000\040\000b\000e\000\040\000W\000e\000i\000g\000h\000t\000\040\0002}{section.7}% 12
\BOOKMARK [2][-]{subsection.7.6}{\376\377\0006\000.\000\040\000A\000n\000d\000\040\000t\000h\000i\000s\000\040\000g\000i\000v\000e\000s\000\040\000u\000s\000\040\000a\000\040\000b\000e\000t\000t\000e\000r\000\040\000s\000c\000i\000e\000n\000t\000i\000f\000i\000c\000\040\000h\000y\000p\000o\000t\000h\000e\000s\000i\000s}{section.7}% 13
\BOOKMARK [2][-]{subsection.7.7}{\376\377\0007\000.\000\040\000O\000u\000r\000\040\000a\000g\000a\000r\000\040\000c\000o\000n\000t\000r\000o\000l\000\040\000b\000e\000c\000o\000m\000e\000s\000\040\000e\000s\000p\000e\000c\000i\000a\000l\000l\000y\000\040\000i\000m\000p\000o\000r\000t\000a\000n\000t}{section.7}% 14
\BOOKMARK [2][-]{subsection.7.8}{\376\377\0008\000.\000\040\000T\000h\000e\000r\000e\000\040\000i\000s\000\040\000a\000l\000s\000o\000\040\000a\000\040\000m\000e\000t\000h\000o\000d\000o\000l\000o\000g\000i\000c\000a\000l\000\040\000l\000e\000s\000s\000o\000n\000\040\000f\000r\000o\000m\000\040\000t\000h\000e\000i\000r\000\040\000p\000a\000p\000e\000r}{section.7}% 15
\BOOKMARK [2][-]{subsection.7.9}{\376\377\0009\000.\000\040\000W\000h\000e\000r\000e\000\040\000I\000\040\000t\000h\000i\000n\000k\000\040\000o\000u\000r\000\040\000w\000o\000r\000k\000\040\000c\000o\000u\000l\000d\000\040\000g\000o\000\040\000b\000e\000y\000o\000n\000d\000\040\000t\000h\000e\000\040\000S\000c\000i\000e\000n\000c\000e\000\040\000R\000o\000b\000o\000t\000i\000c\000s\000\040\000p\000a\000p\000e\000r}{section.7}% 16
\BOOKMARK [2][-]{subsection.7.10}{\376\377\0001\0000\000.\000\040\000O\000n\000e\000\040\000m\000a\000j\000o\000r\000\040\000c\000a\000v\000e\000a\000t}{section.7}% 17
\BOOKMARK [2][-]{subsection.7.11}{\376\377\000O\000v\000e\000r\000a\000l\000l\000\040\000a\000s\000s\000e\000s\000s\000m\000e\000n\000t}{section.7}% 18
\BOOKMARK [1][-]{section.8}{\376\377\000I\000n\000t\000e\000r\000p\000r\000e\000t\000a\000t\000i\000o\000n\000\040\000a\000n\000d\000\040\000l\000i\000m\000i\000t\000a\000t\000i\000o\000n\000s}{}% 19
\BOOKMARK [1][-]{section.9}{\376\377\000R\000e\000p\000r\000o\000d\000u\000c\000i\000b\000i\000l\000i\000t\000y}{}% 20
\BOOKMARK [1][-]{section.10}{\376\377\000R\000e\000c\000o\000m\000m\000e\000n\000d\000e\000d\000\040\000n\000e\000x\000t\000\040\000e\000x\000p\000e\000r\000i\000m\000e\000n\000t\000a\000l\000\040\000s\000t\000e\000p}{}% 21
